<?xml version="1.0" encoding="utf-8"?><testsuites name="pytest tests"><testsuite name="pytest" errors="0" failures="1" skipped="0" tests="25" time="19.814" timestamp="2026-10-02T08:40:35.555558+00:00" hostname="ip-10-150-108-166.us-east-2.compute.internal"><testcase classname="test_scripts.test_data_extraction.TestDataExtraction" name="test_data_extraction_from_csv_to_table" time="4.324" /><testcase classname="test_scripts.test_data_extraction.TestDataExtraction" name="test_data_extraction_from_json_to_stage" time="0.001" /><testcase classname="test_scripts.test_data_extraction.TestDataExtraction" name="test_data_extraction_from_xml_to_stage" time="0.000" /><testcase classname="test_scripts.test_data_loading.TestDataLoading" name="test_data_loading_monthly_sales_summary" time="1.373" /><testcase classname="test_scripts.test_data_loading.TestDataLoading" name="test_data_loading_fact_inventory" time="1.413" /><testcase classname="test_scripts.test_data_loading.TestDataLoading" name="test_data_loading_fact_sales" time="0.001" /><testcase classname="test_scripts.test_data_loading.TestDataLoading" name="test_data_loading_inventory_level_by_stores" time="0.000" /><testcase classname="test_scripts.test_data_quality.TestDataQuality" name="test_data_quality_duplicate_check_csv" time="1.719" /><testcase classname="test_scripts.test_data_quality.TestDataQuality" name="test_data_quality_null_check_csv" time="1.453"><failure message="AssertionError: Null values found in CSV file&#10;assert False is True">#x1B[1m#x1B[31mtest_scripts/test_data_quality.py#x1B[0m:40: in test_data_quality_null_check_csv
    #x1B[0m#x1B[94massert#x1B[39;49;00m null_status #x1B[95mis#x1B[39;49;00m #x1B[94mTrue#x1B[39;49;00m, #x1B[33m"#x1B[39;49;00m#x1B[33mNull values found in CSV file#x1B[39;49;00m#x1B[33m"#x1B[39;49;00m#x1B[90m#x1B[39;49;00m
#x1B[1m#x1B[31mE   AssertionError: Null values found in CSV file#x1B[0m
#x1B[1m#x1B[31mE   assert False is True#x1B[0m</failure></testcase><testcase classname="test_scripts.test_data_quality.TestDataQuality" name="test_data_quality_file_existence_csv" time="1.452" /><testcase classname="test_scripts.test_data_quality.TestDataQuality" name="test_data_quality_file_size_csv" time="0.003" /><testcase classname="test_scripts.test_data_quality.TestDataQuality" name="test_data_quality_duplicate_check_table" time="0.828" /><testcase classname="test_scripts.test_data_quality.TestDataQuality" name="test_data_quality_duplicate_check_json" time="0.000" /><testcase classname="test_scripts.test_data_quality.TestDataQuality" name="test_data_quality_null_check_json" time="0.001" /><testcase classname="test_scripts.test_data_transformation.TestDataTransformation" name="test_data_transformation_filter_sales" time="1.496" /><testcase classname="test_scripts.test_data_transformation.TestDataTransformation" name="test_data_transformation_router_high_sales" time="1.356" /><testcase classname="test_scripts.test_data_transformation.TestDataTransformation" name="test_data_transformation_router_low_sales" time="1.262" /><testcase classname="test_scripts.test_data_transformation.TestDataTransformation" name="test_data_transformation_aggregator_sales" time="0.001" /><testcase classname="test_scripts.test_data_transformation.TestDataTransformation" name="test_data_transformation_joiner" time="0.001" /><testcase classname="test_scripts.test_schema_validation.TestSchemaValidation" name="test_table_column_names" time="0.231" /><testcase classname="test_scripts.test_schema_validation.TestSchemaValidation" name="test_table_column_datatypes" time="0.217" /><testcase classname="test_scripts.test_schema_validation.TestSchemaValidation" name="test_referential_integrity_fact_sales_product_id" time="0.848" /><testcase classname="test_scripts.test_schema_validation.TestSchemaValidation" name="test_fact_inventory_column_names" time="0.001" /><testcase classname="test_scripts.test_schema_validation.TestSchemaValidation" name="test_monthly_sales_summary_column_names" time="0.001" /><testcase classname="test_scripts.test_schema_validation.TestSchemaValidation" name="test_inventory_level_by_stores_column_names" time="0.001" /></testsuite></testsuites>